// Jest Snapshot v1, https://goo.gl/fbAQLP

exports[`should render the Header 1`] = `
<header
  className="container"
>
  <h1
    className="logo"
  >
    <Link
      href="/"
    >
      <a>
        <img
          alt="Music Genres"
          src="/images/logo.png"
        />
      </a>
    </Link>
  </h1>
  <div
    className="sideButtons"
  >
    <Link
      href="/all"
    >
      <a
        className="sideButton"
      >
        All genres
      </a>
    </Link>
    <Link
      href="/add/video"
    >
      <a
        className="sideButton"
      >
        Add genre
      </a>
    </Link>
  </div>
</header>
`;
